============================================================
Ranking Electro Diario - MLA
Fecha: 23/04/2026 12:19
Ayer: 2026-04-22  |  Hoy: 2026-04-23
============================================================

Ejecutando queries BigQuery...
  [Ayer 2026-04-22 (batch)]... C:\Users\cnatale\AppData\Local\Programs\Python\Python312\Lib\site-packages\google\cloud\bigquery\table.py:2086: UserWarning: BigQuery Storage module not found, fetch data with the REST endpoint instead.
  warnings.warn(
OK (100 filas)
  [Hoy  2026-04-23  (NRT)]... OK (100 filas)

Generando HTML...

Listo: C:\Users\cnatale\Claudio\Reportes\freidoras_ranking.html
Traceback (most recent call last):
  File "C:\Users\cnatale\Claudio\Reportes\freidoras_ranking.py", line 521, in <module>
    main()
  File "C:\Users\cnatale\Claudio\Reportes\freidoras_ranking.py", line 508, in main
    subprocess.run(["git", "-C", GIT_REPO, "add", "index.html"], check=True)
  File "C:\Users\cnatale\AppData\Local\Programs\Python\Python312\Lib\subprocess.py", line 548, in run
    with Popen(*popenargs, **kwargs) as process:
         ^^^^^^^^^^^^^^^^^^^^^^^^^^^
  File "C:\Users\cnatale\AppData\Local\Programs\Python\Python312\Lib\subprocess.py", line 1026, in __init__
    self._execute_child(args, executable, preexec_fn, close_fds,
  File "C:\Users\cnatale\AppData\Local\Programs\Python\Python312\Lib\subprocess.py", line 1538, in _execute_child
    hp, ht, pid, tid = _winapi.CreateProcess(executable, args,
                       ^^^^^^^^^^^^^^^^^^^^^^^^^^^^^^^^^^^^^^^
FileNotFoundError: [WinError 2] El sistema no puede encontrar el archivo especificado
============================================================
Ranking Electro Diario - MLA
Fecha: 23/04/2026 15:20
Ayer: 2026-04-22  |  Hoy: 2026-04-23
============================================================

Ejecutando queries BigQuery...
  [Ayer 2026-04-22 (batch)]... C:\Users\cnatale\AppData\Local\Programs\Python\Python312\Lib\site-packages\google\cloud\bigquery\table.py:2086: UserWarning: BigQuery Storage module not found, fetch data with the REST endpoint instead.
  warnings.warn(
OK (220 filas)
  [Hoy  2026-04-23  (NRT)]... OK (220 filas)

Generando HTML...

Listo: C:\Users\cnatale\Claudio\Reportes\freidoras_ranking.html
Traceback (most recent call last):
  File "C:\Users\cnatale\Claudio\Reportes\freidoras_ranking.py", line 551, in <module>
    main()
  File "C:\Users\cnatale\Claudio\Reportes\freidoras_ranking.py", line 538, in main
    subprocess.run(["git", "-C", GIT_REPO, "add", "index.html"], check=True)
  File "C:\Users\cnatale\AppData\Local\Programs\Python\Python312\Lib\subprocess.py", line 548, in run
    with Popen(*popenargs, **kwargs) as process:
         ^^^^^^^^^^^^^^^^^^^^^^^^^^^
  File "C:\Users\cnatale\AppData\Local\Programs\Python\Python312\Lib\subprocess.py", line 1026, in __init__
    self._execute_child(args, executable, preexec_fn, close_fds,
  File "C:\Users\cnatale\AppData\Local\Programs\Python\Python312\Lib\subprocess.py", line 1538, in _execute_child
    hp, ht, pid, tid = _winapi.CreateProcess(executable, args,
                       ^^^^^^^^^^^^^^^^^^^^^^^^^^^^^^^^^^^^^^^
FileNotFoundError: [WinError 2] El sistema no puede encontrar el archivo especificado
============================================================
Ranking Electro Diario - MLA
Fecha: 23/04/2026 16:05
Ayer: 2026-04-22  |  Hoy: 2026-04-23
============================================================

Ejecutando queries BigQuery...
  [Ayer 2026-04-22 (batch)]... C:\Users\cnatale\AppData\Local\Programs\Python\Python312\Lib\site-packages\google\cloud\bigquery\table.py:2086: UserWarning: BigQuery Storage module not found, fetch data with the REST endpoint instead.
  warnings.warn(
OK (340 filas)
  [Hoy  2026-04-23  (NRT)]... OK (340 filas)

Generando HTML...

Listo: C:\Users\cnatale\Claudio\Reportes\freidoras_ranking.html
Traceback (most recent call last):
  File "C:\Users\cnatale\Claudio\Reportes\freidoras_ranking.py", line 581, in <module>
    main()
  File "C:\Users\cnatale\Claudio\Reportes\freidoras_ranking.py", line 568, in main
    subprocess.run(["git", "-C", GIT_REPO, "add", "index.html"], check=True)
  File "C:\Users\cnatale\AppData\Local\Programs\Python\Python312\Lib\subprocess.py", line 548, in run
    with Popen(*popenargs, **kwargs) as process:
         ^^^^^^^^^^^^^^^^^^^^^^^^^^^
  File "C:\Users\cnatale\AppData\Local\Programs\Python\Python312\Lib\subprocess.py", line 1026, in __init__
    self._execute_child(args, executable, preexec_fn, close_fds,
  File "C:\Users\cnatale\AppData\Local\Programs\Python\Python312\Lib\subprocess.py", line 1538, in _execute_child
    hp, ht, pid, tid = _winapi.CreateProcess(executable, args,
                       ^^^^^^^^^^^^^^^^^^^^^^^^^^^^^^^^^^^^^^^
FileNotFoundError: [WinError 2] El sistema no puede encontrar el archivo especificado
============================================================
Ranking Electro Diario - MLA
Fecha: 24/04/2026 10:37
Ayer: 2026-04-23  |  Hoy: 2026-04-24
============================================================

Ejecutando queries BigQuery...
  [Ayer 2026-04-23 (batch)]... C:\Users\cnatale\AppData\Local\Programs\Python\Python312\Lib\site-packages\google\cloud\bigquery\table.py:2086: UserWarning: BigQuery Storage module not found, fetch data with the REST endpoint instead.
  warnings.warn(
OK (340 filas)
  [Hoy  2026-04-24  (NRT)]... OK (340 filas)

Generando HTML...

Listo: C:\Users\cnatale\Claudio\Reportes\freidoras_ranking.html
Traceback (most recent call last):
  File "C:\Users\cnatale\Claudio\Reportes\freidoras_ranking.py", line 581, in <module>
    main()
  File "C:\Users\cnatale\Claudio\Reportes\freidoras_ranking.py", line 568, in main
    subprocess.run(["git", "-C", GIT_REPO, "add", "index.html"], check=True)
  File "C:\Users\cnatale\AppData\Local\Programs\Python\Python312\Lib\subprocess.py", line 548, in run
    with Popen(*popenargs, **kwargs) as process:
         ^^^^^^^^^^^^^^^^^^^^^^^^^^^
  File "C:\Users\cnatale\AppData\Local\Programs\Python\Python312\Lib\subprocess.py", line 1026, in __init__
    self._execute_child(args, executable, preexec_fn, close_fds,
  File "C:\Users\cnatale\AppData\Local\Programs\Python\Python312\Lib\subprocess.py", line 1538, in _execute_child
    hp, ht, pid, tid = _winapi.CreateProcess(executable, args,
                       ^^^^^^^^^^^^^^^^^^^^^^^^^^^^^^^^^^^^^^^
FileNotFoundError: [WinError 2] El sistema no puede encontrar el archivo especificado
============================================================
Ranking Electro Diario - MLA
Fecha: 24/04/2026 11:05
Ayer: 2026-04-23  |  Hoy: 2026-04-24
============================================================

Ejecutando queries BigQuery...
  [Ayer 2026-04-23 (batch)]... C:\Users\cnatale\AppData\Local\Programs\Python\Python312\Lib\site-packages\google\cloud\bigquery\table.py:2086: UserWarning: BigQuery Storage module not found, fetch data with the REST endpoint instead.
  warnings.warn(
OK (340 filas)
  [Hoy  2026-04-24  (NRT)]... OK (340 filas)

Generando HTML...

Listo: C:\Users\cnatale\Claudio\Reportes\freidoras_ranking.html
Traceback (most recent call last):
  File "C:\Users\cnatale\Claudio\Reportes\freidoras_ranking.py", line 581, in <module>
    main()
  File "C:\Users\cnatale\Claudio\Reportes\freidoras_ranking.py", line 568, in main
    subprocess.run(["git", "-C", GIT_REPO, "add", "index.html"], check=True)
  File "C:\Users\cnatale\AppData\Local\Programs\Python\Python312\Lib\subprocess.py", line 548, in run
    with Popen(*popenargs, **kwargs) as process:
         ^^^^^^^^^^^^^^^^^^^^^^^^^^^
  File "C:\Users\cnatale\AppData\Local\Programs\Python\Python312\Lib\subprocess.py", line 1026, in __init__
    self._execute_child(args, executable, preexec_fn, close_fds,
  File "C:\Users\cnatale\AppData\Local\Programs\Python\Python312\Lib\subprocess.py", line 1538, in _execute_child
    hp, ht, pid, tid = _winapi.CreateProcess(executable, args,
                       ^^^^^^^^^^^^^^^^^^^^^^^^^^^^^^^^^^^^^^^
FileNotFoundError: [WinError 2] El sistema no puede encontrar el archivo especificado
============================================================
Ranking Electro Diario - MLA
Fecha: 25/04/2026 13:09
Ayer: 2026-04-24  |  Hoy: 2026-04-25
============================================================

Ejecutando queries BigQuery...
  [Ayer 2026-04-24 (batch)]... ============================================================
Ranking Electro Diario - MLA
Fecha: 27/04/2026 09:05
Ayer: 2026-04-26  |  Hoy: 2026-04-27
============================================================

Ejecutando queries BigQuery...
  [Ayer 2026-04-26 (batch)]... C:\Users\cnatale\AppData\Local\Programs\Python\Python312\Lib\site-packages\google\cloud\bigquery\table.py:2086: UserWarning: BigQuery Storage module not found, fetch data with the REST endpoint instead.
  warnings.warn(
OK (340 filas)
  [Hoy  2026-04-27  (NRT)]... OK (307 filas)

Generando HTML...

Listo: C:\Users\cnatale\Claudio\Reportes\freidoras_ranking.html
Traceback (most recent call last):
  File "C:\Users\cnatale\Claudio\Reportes\freidoras_ranking.py", line 581, in <module>
    main()
  File "C:\Users\cnatale\Claudio\Reportes\freidoras_ranking.py", line 568, in main
    subprocess.run(["git", "-C", GIT_REPO, "add", "index.html"], check=True)
  File "C:\Users\cnatale\AppData\Local\Programs\Python\Python312\Lib\subprocess.py", line 548, in run
    with Popen(*popenargs, **kwargs) as process:
         ^^^^^^^^^^^^^^^^^^^^^^^^^^^
  File "C:\Users\cnatale\AppData\Local\Programs\Python\Python312\Lib\subprocess.py", line 1026, in __init__
    self._execute_child(args, executable, preexec_fn, close_fds,
  File "C:\Users\cnatale\AppData\Local\Programs\Python\Python312\Lib\subprocess.py", line 1538, in _execute_child
    hp, ht, pid, tid = _winapi.CreateProcess(executable, args,
                       ^^^^^^^^^^^^^^^^^^^^^^^^^^^^^^^^^^^^^^^
FileNotFoundError: [WinError 2] El sistema no puede encontrar el archivo especificado
============================================================
Ranking Electro Diario - MLA
Fecha: 27/04/2026 12:05
Ayer: 2026-04-26  |  Hoy: 2026-04-27
============================================================

Ejecutando queries BigQuery...
  [Ayer 2026-04-26 (batch)]... C:\Users\cnatale\AppData\Local\Programs\Python\Python312\Lib\site-packages\google\cloud\bigquery\table.py:2086: UserWarning: BigQuery Storage module not found, fetch data with the REST endpoint instead.
  warnings.warn(
OK (340 filas)
  [Hoy  2026-04-27  (NRT)]... OK (340 filas)

Generando HTML...

Listo: C:\Users\cnatale\Claudio\Reportes\freidoras_ranking.html
Traceback (most recent call last):
  File "C:\Users\cnatale\Claudio\Reportes\freidoras_ranking.py", line 581, in <module>
    main()
  File "C:\Users\cnatale\Claudio\Reportes\freidoras_ranking.py", line 568, in main
    subprocess.run(["git", "-C", GIT_REPO, "add", "index.html"], check=True)
  File "C:\Users\cnatale\AppData\Local\Programs\Python\Python312\Lib\subprocess.py", line 548, in run
    with Popen(*popenargs, **kwargs) as process:
         ^^^^^^^^^^^^^^^^^^^^^^^^^^^
  File "C:\Users\cnatale\AppData\Local\Programs\Python\Python312\Lib\subprocess.py", line 1026, in __init__
    self._execute_child(args, executable, preexec_fn, close_fds,
  File "C:\Users\cnatale\AppData\Local\Programs\Python\Python312\Lib\subprocess.py", line 1538, in _execute_child
    hp, ht, pid, tid = _winapi.CreateProcess(executable, args,
                       ^^^^^^^^^^^^^^^^^^^^^^^^^^^^^^^^^^^^^^^
FileNotFoundError: [WinError 2] El sistema no puede encontrar el archivo especificado
============================================================
Ranking Electro Diario - MLA
Fecha: 27/04/2026 13:05
Ayer: 2026-04-26  |  Hoy: 2026-04-27
============================================================

Ejecutando queries BigQuery...
  [Ayer 2026-04-26 (batch)]... C:\Users\cnatale\AppData\Local\Programs\Python\Python312\Lib\site-packages\google\cloud\bigquery\table.py:2086: UserWarning: BigQuery Storage module not found, fetch data with the REST endpoint instead.
  warnings.warn(
OK (340 filas)
  [Hoy  2026-04-27  (NRT)]... OK (340 filas)

Generando HTML...

Listo: C:\Users\cnatale\Claudio\Reportes\freidoras_ranking.html
Traceback (most recent call last):
  File "C:\Users\cnatale\Claudio\Reportes\freidoras_ranking.py", line 581, in <module>
    main()
  File "C:\Users\cnatale\Claudio\Reportes\freidoras_ranking.py", line 568, in main
    subprocess.run(["git", "-C", GIT_REPO, "add", "index.html"], check=True)
  File "C:\Users\cnatale\AppData\Local\Programs\Python\Python312\Lib\subprocess.py", line 548, in run
    with Popen(*popenargs, **kwargs) as process:
         ^^^^^^^^^^^^^^^^^^^^^^^^^^^
  File "C:\Users\cnatale\AppData\Local\Programs\Python\Python312\Lib\subprocess.py", line 1026, in __init__
    self._execute_child(args, executable, preexec_fn, close_fds,
  File "C:\Users\cnatale\AppData\Local\Programs\Python\Python312\Lib\subprocess.py", line 1538, in _execute_child
    hp, ht, pid, tid = _winapi.CreateProcess(executable, args,
                       ^^^^^^^^^^^^^^^^^^^^^^^^^^^^^^^^^^^^^^^
FileNotFoundError: [WinError 2] El sistema no puede encontrar el archivo especificado
============================================================
Ranking Electro Diario - MLA
Fecha: 27/04/2026 14:05
Ayer: 2026-04-26  |  Hoy: 2026-04-27
============================================================

Ejecutando queries BigQuery...
  [Ayer 2026-04-26 (batch)]... C:\Users\cnatale\AppData\Local\Programs\Python\Python312\Lib\site-packages\google\cloud\bigquery\table.py:2086: UserWarning: BigQuery Storage module not found, fetch data with the REST endpoint instead.
  warnings.warn(
OK (340 filas)
  [Hoy  2026-04-27  (NRT)]... OK (340 filas)

Generando HTML...

Listo: C:\Users\cnatale\Claudio\Reportes\freidoras_ranking.html
Traceback (most recent call last):
  File "C:\Users\cnatale\Claudio\Reportes\freidoras_ranking.py", line 581, in <module>
    main()
  File "C:\Users\cnatale\Claudio\Reportes\freidoras_ranking.py", line 568, in main
    subprocess.run(["git", "-C", GIT_REPO, "add", "index.html"], check=True)
  File "C:\Users\cnatale\AppData\Local\Programs\Python\Python312\Lib\subprocess.py", line 548, in run
    with Popen(*popenargs, **kwargs) as process:
         ^^^^^^^^^^^^^^^^^^^^^^^^^^^
  File "C:\Users\cnatale\AppData\Local\Programs\Python\Python312\Lib\subprocess.py", line 1026, in __init__
    self._execute_child(args, executable, preexec_fn, close_fds,
  File "C:\Users\cnatale\AppData\Local\Programs\Python\Python312\Lib\subprocess.py", line 1538, in _execute_child
    hp, ht, pid, tid = _winapi.CreateProcess(executable, args,
                       ^^^^^^^^^^^^^^^^^^^^^^^^^^^^^^^^^^^^^^^
FileNotFoundError: [WinError 2] El sistema no puede encontrar el archivo especificado
============================================================
Ranking Electro Diario - MLA
Fecha: 27/04/2026 15:05
Ayer: 2026-04-26  |  Hoy: 2026-04-27
============================================================

Ejecutando queries BigQuery...
  [Ayer 2026-04-26 (batch)]... C:\Users\cnatale\AppData\Local\Programs\Python\Python312\Lib\site-packages\google\cloud\bigquery\table.py:2086: UserWarning: BigQuery Storage module not found, fetch data with the REST endpoint instead.
  warnings.warn(
OK (340 filas)
  [Hoy  2026-04-27  (NRT)]... OK (340 filas)

Generando HTML...

Listo: C:\Users\cnatale\Claudio\Reportes\freidoras_ranking.html
Traceback (most recent call last):
  File "C:\Users\cnatale\Claudio\Reportes\freidoras_ranking.py", line 581, in <module>
    main()
  File "C:\Users\cnatale\Claudio\Reportes\freidoras_ranking.py", line 568, in main
    subprocess.run(["git", "-C", GIT_REPO, "add", "index.html"], check=True)
  File "C:\Users\cnatale\AppData\Local\Programs\Python\Python312\Lib\subprocess.py", line 548, in run
    with Popen(*popenargs, **kwargs) as process:
         ^^^^^^^^^^^^^^^^^^^^^^^^^^^
  File "C:\Users\cnatale\AppData\Local\Programs\Python\Python312\Lib\subprocess.py", line 1026, in __init__
    self._execute_child(args, executable, preexec_fn, close_fds,
  File "C:\Users\cnatale\AppData\Local\Programs\Python\Python312\Lib\subprocess.py", line 1538, in _execute_child
    hp, ht, pid, tid = _winapi.CreateProcess(executable, args,
                       ^^^^^^^^^^^^^^^^^^^^^^^^^^^^^^^^^^^^^^^
FileNotFoundError: [WinError 2] El sistema no puede encontrar el archivo especificado
============================================================
Ranking Electro Diario - MLA
Fecha: 27/04/2026 16:05
Ayer: 2026-04-26  |  Hoy: 2026-04-27
============================================================

Ejecutando queries BigQuery...
  [Ayer 2026-04-26 (batch)]... C:\Users\cnatale\AppData\Local\Programs\Python\Python312\Lib\site-packages\google\cloud\bigquery\table.py:2086: UserWarning: BigQuery Storage module not found, fetch data with the REST endpoint instead.
  warnings.warn(
OK (340 filas)
  [Hoy  2026-04-27  (NRT)]... OK (340 filas)

Generando HTML...

Listo: C:\Users\cnatale\Claudio\Reportes\freidoras_ranking.html
Traceback (most recent call last):
  File "C:\Users\cnatale\Claudio\Reportes\freidoras_ranking.py", line 581, in <module>
    main()
  File "C:\Users\cnatale\Claudio\Reportes\freidoras_ranking.py", line 568, in main
    subprocess.run(["git", "-C", GIT_REPO, "add", "index.html"], check=True)
  File "C:\Users\cnatale\AppData\Local\Programs\Python\Python312\Lib\subprocess.py", line 548, in run
    with Popen(*popenargs, **kwargs) as process:
         ^^^^^^^^^^^^^^^^^^^^^^^^^^^
  File "C:\Users\cnatale\AppData\Local\Programs\Python\Python312\Lib\subprocess.py", line 1026, in __init__
    self._execute_child(args, executable, preexec_fn, close_fds,
  File "C:\Users\cnatale\AppData\Local\Programs\Python\Python312\Lib\subprocess.py", line 1538, in _execute_child
    hp, ht, pid, tid = _winapi.CreateProcess(executable, args,
                       ^^^^^^^^^^^^^^^^^^^^^^^^^^^^^^^^^^^^^^^
FileNotFoundError: [WinError 2] El sistema no puede encontrar el archivo especificado
============================================================
Ranking Electro Diario - MLA
Fecha: 27/04/2026 22:16
Ayer: 2026-04-26  |  Hoy: 2026-04-27
============================================================

Ejecutando queries BigQuery...
  [Ayer 2026-04-26 (batch)]... C:\Users\cnatale\AppData\Local\Programs\Python\Python312\Lib\site-packages\google\cloud\bigquery\table.py:2086: UserWarning: BigQuery Storage module not found, fetch data with the REST endpoint instead.
  warnings.warn(
OK (340 filas)
  [Hoy  2026-04-27  (NRT)]... OK (340 filas)

Generando HTML...

Listo: C:\Users\cnatale\Claudio\Reportes\freidoras_ranking.html
Traceback (most recent call last):
  File "C:\Users\cnatale\Claudio\Reportes\freidoras_ranking.py", line 581, in <module>
    main()
  File "C:\Users\cnatale\Claudio\Reportes\freidoras_ranking.py", line 568, in main
    subprocess.run(["git", "-C", GIT_REPO, "add", "index.html"], check=True)
  File "C:\Users\cnatale\AppData\Local\Programs\Python\Python312\Lib\subprocess.py", line 548, in run
    with Popen(*popenargs, **kwargs) as process:
         ^^^^^^^^^^^^^^^^^^^^^^^^^^^
  File "C:\Users\cnatale\AppData\Local\Programs\Python\Python312\Lib\subprocess.py", line 1026, in __init__
    self._execute_child(args, executable, preexec_fn, close_fds,
  File "C:\Users\cnatale\AppData\Local\Programs\Python\Python312\Lib\subprocess.py", line 1538, in _execute_child
    hp, ht, pid, tid = _winapi.CreateProcess(executable, args,
                       ^^^^^^^^^^^^^^^^^^^^^^^^^^^^^^^^^^^^^^^
FileNotFoundError: [WinError 2] El sistema no puede encontrar el archivo especificado
============================================================
Ranking Electro Diario - MLA
Fecha: 28/04/2026 04:47
Ayer: 2026-04-27  |  Hoy: 2026-04-28
============================================================

Ejecutando queries BigQuery...
  [Ayer 2026-04-27 (batch)]... C:\Users\cnatale\AppData\Local\Programs\Python\Python312\Lib\site-packages\google\cloud\bigquery\table.py:2086: UserWarning: BigQuery Storage module not found, fetch data with the REST endpoint instead.
  warnings.warn(
OK (340 filas)
  [Hoy  2026-04-28  (NRT)]... OK (314 filas)

Generando HTML...

Listo: C:\Users\cnatale\Claudio\Reportes\freidoras_ranking.html
Traceback (most recent call last):
  File "C:\Users\cnatale\Claudio\Reportes\freidoras_ranking.py", line 581, in <module>
    main()
  File "C:\Users\cnatale\Claudio\Reportes\freidoras_ranking.py", line 568, in main
    subprocess.run(["git", "-C", GIT_REPO, "add", "index.html"], check=True)
  File "C:\Users\cnatale\AppData\Local\Programs\Python\Python312\Lib\subprocess.py", line 548, in run
    with Popen(*popenargs, **kwargs) as process:
         ^^^^^^^^^^^^^^^^^^^^^^^^^^^
  File "C:\Users\cnatale\AppData\Local\Programs\Python\Python312\Lib\subprocess.py", line 1026, in __init__
    self._execute_child(args, executable, preexec_fn, close_fds,
  File "C:\Users\cnatale\AppData\Local\Programs\Python\Python312\Lib\subprocess.py", line 1538, in _execute_child
    hp, ht, pid, tid = _winapi.CreateProcess(executable, args,
                       ^^^^^^^^^^^^^^^^^^^^^^^^^^^^^^^^^^^^^^^
FileNotFoundError: [WinError 2] El sistema no puede encontrar el archivo especificado
============================================================
Ranking Electro Diario - MLA
Fecha: 28/04/2026 14:46
Ayer: 2026-04-27  |  Hoy: 2026-04-28
============================================================

Ejecutando queries BigQuery...
  [Ayer 2026-04-27 (batch)]... C:\Users\cnatale\AppData\Local\Programs\Python\Python312\Lib\site-packages\google\cloud\bigquery\table.py:2086: UserWarning: BigQuery Storage module not found, fetch data with the REST endpoint instead.
  warnings.warn(
OK (340 filas)
  [Hoy  2026-04-28  (NRT)]... OK (340 filas)

Generando HTML...

Listo: C:\Users\cnatale\Claudio\Reportes\freidoras_ranking.html
Traceback (most recent call last):
  File "C:\Users\cnatale\Claudio\Reportes\freidoras_ranking.py", line 581, in <module>
    main()
  File "C:\Users\cnatale\Claudio\Reportes\freidoras_ranking.py", line 568, in main
    subprocess.run(["git", "-C", GIT_REPO, "add", "index.html"], check=True)
  File "C:\Users\cnatale\AppData\Local\Programs\Python\Python312\Lib\subprocess.py", line 548, in run
    with Popen(*popenargs, **kwargs) as process:
         ^^^^^^^^^^^^^^^^^^^^^^^^^^^
  File "C:\Users\cnatale\AppData\Local\Programs\Python\Python312\Lib\subprocess.py", line 1026, in __init__
    self._execute_child(args, executable, preexec_fn, close_fds,
  File "C:\Users\cnatale\AppData\Local\Programs\Python\Python312\Lib\subprocess.py", line 1538, in _execute_child
    hp, ht, pid, tid = _winapi.CreateProcess(executable, args,
                       ^^^^^^^^^^^^^^^^^^^^^^^^^^^^^^^^^^^^^^^
FileNotFoundError: [WinError 2] El sistema no puede encontrar el archivo especificado
============================================================
Ranking Electro Diario - MLA
Fecha: 28/04/2026 15:08
Ayer: 2026-04-27  |  Hoy: 2026-04-28
============================================================

Ejecutando queries BigQuery...
  [Ayer 2026-04-27 (batch)]... C:\Users\cnatale\AppData\Local\Programs\Python\Python312\Lib\site-packages\google\cloud\bigquery\table.py:2086: UserWarning: BigQuery Storage module not found, fetch data with the REST endpoint instead.
  warnings.warn(
OK (340 filas)
  [Hoy  2026-04-28  (NRT)]... OK (340 filas)

Generando HTML...

Listo: C:\Users\cnatale\Claudio\Reportes\freidoras_ranking.html
Traceback (most recent call last):
  File "C:\Users\cnatale\Claudio\Reportes\freidoras_ranking.py", line 581, in <module>
    main()
  File "C:\Users\cnatale\Claudio\Reportes\freidoras_ranking.py", line 568, in main
    subprocess.run(["git", "-C", GIT_REPO, "add", "index.html"], check=True)
  File "C:\Users\cnatale\AppData\Local\Programs\Python\Python312\Lib\subprocess.py", line 548, in run
    with Popen(*popenargs, **kwargs) as process:
         ^^^^^^^^^^^^^^^^^^^^^^^^^^^
  File "C:\Users\cnatale\AppData\Local\Programs\Python\Python312\Lib\subprocess.py", line 1026, in __init__
    self._execute_child(args, executable, preexec_fn, close_fds,
  File "C:\Users\cnatale\AppData\Local\Programs\Python\Python312\Lib\subprocess.py", line 1538, in _execute_child
    hp, ht, pid, tid = _winapi.CreateProcess(executable, args,
                       ^^^^^^^^^^^^^^^^^^^^^^^^^^^^^^^^^^^^^^^
FileNotFoundError: [WinError 2] El sistema no puede encontrar el archivo especificado
============================================================
Ranking Electro Diario - MLA
Fecha: 28/04/2026 16:05
Ayer: 2026-04-27  |  Hoy: 2026-04-28
============================================================

Ejecutando queries BigQuery...
  [Ayer 2026-04-27 (batch)]... C:\Users\cnatale\AppData\Local\Programs\Python\Python312\Lib\site-packages\google\cloud\bigquery\table.py:2086: UserWarning: BigQuery Storage module not found, fetch data with the REST endpoint instead.
  warnings.warn(
OK (340 filas)
  [Hoy  2026-04-28  (NRT)]... OK (340 filas)

Generando HTML...

Listo: C:\Users\cnatale\Claudio\Reportes\freidoras_ranking.html
Traceback (most recent call last):
  File "C:\Users\cnatale\Claudio\Reportes\freidoras_ranking.py", line 581, in <module>
    main()
  File "C:\Users\cnatale\Claudio\Reportes\freidoras_ranking.py", line 568, in main
    subprocess.run(["git", "-C", GIT_REPO, "add", "index.html"], check=True)
  File "C:\Users\cnatale\AppData\Local\Programs\Python\Python312\Lib\subprocess.py", line 548, in run
    with Popen(*popenargs, **kwargs) as process:
         ^^^^^^^^^^^^^^^^^^^^^^^^^^^
  File "C:\Users\cnatale\AppData\Local\Programs\Python\Python312\Lib\subprocess.py", line 1026, in __init__
    self._execute_child(args, executable, preexec_fn, close_fds,
  File "C:\Users\cnatale\AppData\Local\Programs\Python\Python312\Lib\subprocess.py", line 1538, in _execute_child
    hp, ht, pid, tid = _winapi.CreateProcess(executable, args,
                       ^^^^^^^^^^^^^^^^^^^^^^^^^^^^^^^^^^^^^^^
FileNotFoundError: [WinError 2] El sistema no puede encontrar el archivo especificado
============================================================
Ranking Electro Diario - MLA
Fecha: 28/04/2026 17:05
Ayer: 2026-04-27  |  Hoy: 2026-04-28
============================================================

Ejecutando queries BigQuery...
  [Ayer 2026-04-27 (batch)]... C:\Users\cnatale\AppData\Local\Programs\Python\Python312\Lib\site-packages\google\cloud\bigquery\table.py:2086: UserWarning: BigQuery Storage module not found, fetch data with the REST endpoint instead.
  warnings.warn(
OK (340 filas)
  [Hoy  2026-04-28  (NRT)]... OK (340 filas)

Generando HTML...

Listo: C:\Users\cnatale\Claudio\Reportes\freidoras_ranking.html
Traceback (most recent call last):
  File "C:\Users\cnatale\Claudio\Reportes\freidoras_ranking.py", line 581, in <module>
    main()
  File "C:\Users\cnatale\Claudio\Reportes\freidoras_ranking.py", line 568, in main
    subprocess.run(["git", "-C", GIT_REPO, "add", "index.html"], check=True)
  File "C:\Users\cnatale\AppData\Local\Programs\Python\Python312\Lib\subprocess.py", line 548, in run
    with Popen(*popenargs, **kwargs) as process:
         ^^^^^^^^^^^^^^^^^^^^^^^^^^^
  File "C:\Users\cnatale\AppData\Local\Programs\Python\Python312\Lib\subprocess.py", line 1026, in __init__
    self._execute_child(args, executable, preexec_fn, close_fds,
  File "C:\Users\cnatale\AppData\Local\Programs\Python\Python312\Lib\subprocess.py", line 1538, in _execute_child
    hp, ht, pid, tid = _winapi.CreateProcess(executable, args,
                       ^^^^^^^^^^^^^^^^^^^^^^^^^^^^^^^^^^^^^^^
FileNotFoundError: [WinError 2] El sistema no puede encontrar el archivo especificado
============================================================
Ranking Electro Diario - MLA
Fecha: 29/04/2026 10:05
Ayer: 2026-04-28  |  Hoy: 2026-04-29
============================================================

Ejecutando queries BigQuery...
  [Ayer 2026-04-28 (batch)]... C:\Users\cnatale\AppData\Local\Programs\Python\Python312\Lib\site-packages\google\cloud\bigquery\table.py:2086: UserWarning: BigQuery Storage module not found, fetch data with the REST endpoint instead.
  warnings.warn(
OK (340 filas)
  [Hoy  2026-04-29  (NRT)]... OK (337 filas)

Generando HTML...

Listo: C:\Users\cnatale\Claudio\Reportes\freidoras_ranking.html
Traceback (most recent call last):
  File "C:\Users\cnatale\Claudio\Reportes\freidoras_ranking.py", line 581, in <module>
    main()
  File "C:\Users\cnatale\Claudio\Reportes\freidoras_ranking.py", line 568, in main
    subprocess.run(["git", "-C", GIT_REPO, "add", "index.html"], check=True)
  File "C:\Users\cnatale\AppData\Local\Programs\Python\Python312\Lib\subprocess.py", line 548, in run
    with Popen(*popenargs, **kwargs) as process:
         ^^^^^^^^^^^^^^^^^^^^^^^^^^^
  File "C:\Users\cnatale\AppData\Local\Programs\Python\Python312\Lib\subprocess.py", line 1026, in __init__
    self._execute_child(args, executable, preexec_fn, close_fds,
  File "C:\Users\cnatale\AppData\Local\Programs\Python\Python312\Lib\subprocess.py", line 1538, in _execute_child
    hp, ht, pid, tid = _winapi.CreateProcess(executable, args,
                       ^^^^^^^^^^^^^^^^^^^^^^^^^^^^^^^^^^^^^^^
FileNotFoundError: [WinError 2] El sistema no puede encontrar el archivo especificado
============================================================
Ranking Electro Diario - MLA
Fecha: 29/04/2026 11:09
Ayer: 2026-04-28  |  Hoy: 2026-04-29
============================================================

Ejecutando queries BigQuery...
  [Ayer 2026-04-28 (batch)]... C:\Users\cnatale\AppData\Local\Programs\Python\Python312\Lib\site-packages\google\cloud\bigquery\table.py:2086: UserWarning: BigQuery Storage module not found, fetch data with the REST endpoint instead.
  warnings.warn(
OK (340 filas)
  [Hoy  2026-04-29  (NRT)]... OK (340 filas)

Generando HTML...

Listo: C:\Users\cnatale\Claudio\Reportes\freidoras_ranking.html
Traceback (most recent call last):
  File "C:\Users\cnatale\Claudio\Reportes\freidoras_ranking.py", line 581, in <module>
    main()
  File "C:\Users\cnatale\Claudio\Reportes\freidoras_ranking.py", line 568, in main
    subprocess.run(["git", "-C", GIT_REPO, "add", "index.html"], check=True)
  File "C:\Users\cnatale\AppData\Local\Programs\Python\Python312\Lib\subprocess.py", line 548, in run
    with Popen(*popenargs, **kwargs) as process:
         ^^^^^^^^^^^^^^^^^^^^^^^^^^^
  File "C:\Users\cnatale\AppData\Local\Programs\Python\Python312\Lib\subprocess.py", line 1026, in __init__
    self._execute_child(args, executable, preexec_fn, close_fds,
  File "C:\Users\cnatale\AppData\Local\Programs\Python\Python312\Lib\subprocess.py", line 1538, in _execute_child
    hp, ht, pid, tid = _winapi.CreateProcess(executable, args,
                       ^^^^^^^^^^^^^^^^^^^^^^^^^^^^^^^^^^^^^^^
FileNotFoundError: [WinError 2] El sistema no puede encontrar el archivo especificado
============================================================
Ranking Electro Diario - MLA
Fecha: 29/04/2026 12:05
Ayer: 2026-04-28  |  Hoy: 2026-04-29
============================================================

Ejecutando queries BigQuery...
  [Ayer 2026-04-28 (batch)]... C:\Users\cnatale\AppData\Local\Programs\Python\Python312\Lib\site-packages\google\cloud\bigquery\table.py:2086: UserWarning: BigQuery Storage module not found, fetch data with the REST endpoint instead.
  warnings.warn(
OK (340 filas)
  [Hoy  2026-04-29  (NRT)]... OK (340 filas)

Generando HTML...

Listo: C:\Users\cnatale\Claudio\Reportes\freidoras_ranking.html
Traceback (most recent call last):
  File "C:\Users\cnatale\Claudio\Reportes\freidoras_ranking.py", line 581, in <module>
    main()
  File "C:\Users\cnatale\Claudio\Reportes\freidoras_ranking.py", line 568, in main
    subprocess.run(["git", "-C", GIT_REPO, "add", "index.html"], check=True)
  File "C:\Users\cnatale\AppData\Local\Programs\Python\Python312\Lib\subprocess.py", line 548, in run
    with Popen(*popenargs, **kwargs) as process:
         ^^^^^^^^^^^^^^^^^^^^^^^^^^^
  File "C:\Users\cnatale\AppData\Local\Programs\Python\Python312\Lib\subprocess.py", line 1026, in __init__
    self._execute_child(args, executable, preexec_fn, close_fds,
  File "C:\Users\cnatale\AppData\Local\Programs\Python\Python312\Lib\subprocess.py", line 1538, in _execute_child
    hp, ht, pid, tid = _winapi.CreateProcess(executable, args,
                       ^^^^^^^^^^^^^^^^^^^^^^^^^^^^^^^^^^^^^^^
FileNotFoundError: [WinError 2] El sistema no puede encontrar el archivo especificado
============================================================
Ranking Electro Diario - MLA
Fecha: 29/04/2026 13:05
Ayer: 2026-04-28  |  Hoy: 2026-04-29
============================================================

Ejecutando queries BigQuery...
  [Ayer 2026-04-28 (batch)]... C:\Users\cnatale\AppData\Local\Programs\Python\Python312\Lib\site-packages\google\cloud\bigquery\table.py:2086: UserWarning: BigQuery Storage module not found, fetch data with the REST endpoint instead.
  warnings.warn(
OK (340 filas)
  [Hoy  2026-04-29  (NRT)]... ERROR: 403 Quota exceeded: Your project_and_region exceeded quota for max number of jobs that can be queued per project. For more information, see https://cloud.google.com/bigquery/docs/troubleshoot-quotas; reason: quotaExceeded, location: max_queued_jobs, message: Quota exceeded: Your project_and_region exceeded quota for max number of jobs that can be queued per project. For more information, see https://cloud.google.com/bigquery/docs/troubleshoot-quotas

Location: US
Job ID: 475b4434-6c20-4026-8c2b-5e796e9361cb


Generando HTML...

Listo: C:\Users\cnatale\Claudio\Reportes\freidoras_ranking.html
Traceback (most recent call last):
  File "C:\Users\cnatale\Claudio\Reportes\freidoras_ranking.py", line 581, in <module>
    main()
  File "C:\Users\cnatale\Claudio\Reportes\freidoras_ranking.py", line 568, in main
    subprocess.run(["git", "-C", GIT_REPO, "add", "index.html"], check=True)
  File "C:\Users\cnatale\AppData\Local\Programs\Python\Python312\Lib\subprocess.py", line 548, in run
    with Popen(*popenargs, **kwargs) as process:
         ^^^^^^^^^^^^^^^^^^^^^^^^^^^
  File "C:\Users\cnatale\AppData\Local\Programs\Python\Python312\Lib\subprocess.py", line 1026, in __init__
    self._execute_child(args, executable, preexec_fn, close_fds,
  File "C:\Users\cnatale\AppData\Local\Programs\Python\Python312\Lib\subprocess.py", line 1538, in _execute_child
    hp, ht, pid, tid = _winapi.CreateProcess(executable, args,
                       ^^^^^^^^^^^^^^^^^^^^^^^^^^^^^^^^^^^^^^^
FileNotFoundError: [WinError 2] El sistema no puede encontrar el archivo especificado
============================================================
Ranking Electro Diario - MLA
Fecha: 29/04/2026 14:05
Ayer: 2026-04-28  |  Hoy: 2026-04-29
============================================================

Ejecutando queries BigQuery...
  [Ayer 2026-04-28 (batch)]... C:\Users\cnatale\AppData\Local\Programs\Python\Python312\Lib\site-packages\google\cloud\bigquery\table.py:2086: UserWarning: BigQuery Storage module not found, fetch data with the REST endpoint instead.
  warnings.warn(
OK (340 filas)
  [Hoy  2026-04-29  (NRT)]... OK (340 filas)

Generando HTML...

Listo: C:\Users\cnatale\Claudio\Reportes\freidoras_ranking.html
Traceback (most recent call last):
  File "C:\Users\cnatale\Claudio\Reportes\freidoras_ranking.py", line 581, in <module>
    main()
  File "C:\Users\cnatale\Claudio\Reportes\freidoras_ranking.py", line 568, in main
    subprocess.run(["git", "-C", GIT_REPO, "add", "index.html"], check=True)
  File "C:\Users\cnatale\AppData\Local\Programs\Python\Python312\Lib\subprocess.py", line 548, in run
    with Popen(*popenargs, **kwargs) as process:
         ^^^^^^^^^^^^^^^^^^^^^^^^^^^
  File "C:\Users\cnatale\AppData\Local\Programs\Python\Python312\Lib\subprocess.py", line 1026, in __init__
    self._execute_child(args, executable, preexec_fn, close_fds,
  File "C:\Users\cnatale\AppData\Local\Programs\Python\Python312\Lib\subprocess.py", line 1538, in _execute_child
    hp, ht, pid, tid = _winapi.CreateProcess(executable, args,
                       ^^^^^^^^^^^^^^^^^^^^^^^^^^^^^^^^^^^^^^^
FileNotFoundError: [WinError 2] El sistema no puede encontrar el archivo especificado
============================================================
Ranking Electro Diario - MLA
Fecha: 29/04/2026 15:05
Ayer: 2026-04-28  |  Hoy: 2026-04-29
============================================================

Ejecutando queries BigQuery...
  [Ayer 2026-04-28 (batch)]... C:\Users\cnatale\AppData\Local\Programs\Python\Python312\Lib\site-packages\google\cloud\bigquery\table.py:2086: UserWarning: BigQuery Storage module not found, fetch data with the REST endpoint instead.
  warnings.warn(
OK (340 filas)
  [Hoy  2026-04-29  (NRT)]... OK (340 filas)

Generando HTML...

Listo: C:\Users\cnatale\Claudio\Reportes\freidoras_ranking.html
Traceback (most recent call last):
  File "C:\Users\cnatale\Claudio\Reportes\freidoras_ranking.py", line 581, in <module>
    main()
  File "C:\Users\cnatale\Claudio\Reportes\freidoras_ranking.py", line 568, in main
    subprocess.run(["git", "-C", GIT_REPO, "add", "index.html"], check=True)
  File "C:\Users\cnatale\AppData\Local\Programs\Python\Python312\Lib\subprocess.py", line 548, in run
    with Popen(*popenargs, **kwargs) as process:
         ^^^^^^^^^^^^^^^^^^^^^^^^^^^
  File "C:\Users\cnatale\AppData\Local\Programs\Python\Python312\Lib\subprocess.py", line 1026, in __init__
    self._execute_child(args, executable, preexec_fn, close_fds,
  File "C:\Users\cnatale\AppData\Local\Programs\Python\Python312\Lib\subprocess.py", line 1538, in _execute_child
    hp, ht, pid, tid = _winapi.CreateProcess(executable, args,
                       ^^^^^^^^^^^^^^^^^^^^^^^^^^^^^^^^^^^^^^^
FileNotFoundError: [WinError 2] El sistema no puede encontrar el archivo especificado
[mi‚ 29/04/2026 16:05:02,93] === Ranking Electro Diario refresh === 
============================================================
Ranking Electro Diario - MLA
Fecha: 29/04/2026 16:05
Ayer: 2026-04-28  |  Hoy: 2026-04-29
============================================================

Ejecutando queries BigQuery...
  [Ayer 2026-04-28 (batch)]... C:\Users\cnatale\AppData\Local\Programs\Python\Python312\Lib\site-packages\google\cloud\bigquery\table.py:2086: UserWarning: BigQuery Storage module not found, fetch data with the REST endpoint instead.
  warnings.warn(
OK (340 filas)
  [Hoy  2026-04-29  (NRT)]... [main d504018] update 29/04/2026 16:05
 Committer: Chiara Natale <cnatale@ml.com>
Your name and email address were configured automatically based
on your username and hostname. Please check that they are accurate.
You can suppress this message by setting them explicitly:

    git config --global user.name "Your Name"
    git config --global user.email you@example.com

After doing this, you may fix the identity used for this commit with:

    git commit --amend --reset-author

 1 file changed, 3838 insertions(+), 3838 deletions(-)
To https://github.com/chiaranatale-web/ranking-electro.git
   6901537..d504018  main -> main
OK (340 filas)

Generando HTML...

Listo: C:\Users\cnatale\Claudio\Reportes\freidoras_ranking.html
Publicado en GitHub Pages (29/04/2026 16:05)
Grid actualizado: https://grid.adminml.com/d/01KQDA3NVX27XTCCBJ9W9YSAFS/view
[mi‚ 29/04/2026 16:05:33,37] Refresh completado. 
[mi‚ 29/04/2026 16:55:41,31] === Ranking Electro Diario refresh === 
============================================================
Ranking Electro Diario - MLA
Fecha: 29/04/2026 16:55
Ayer: 2026-04-28  |  Hoy: 2026-04-29
============================================================

Ejecutando queries BigQuery...
  [Ayer 2026-04-28 (batch)]... C:\Users\cnatale\AppData\Local\Programs\Python\Python312\Lib\site-packages\google\cloud\bigquery\table.py:2086: UserWarning: BigQuery Storage module not found, fetch data with the REST endpoint instead.
  warnings.warn(
OK (340 filas)
  [Hoy  2026-04-29  (NRT)]... [main 774a961] update 29/04/2026 16:56
 Committer: Chiara Natale <cnatale@ml.com>
Your name and email address were configured automatically based
on your username and hostname. Please check that they are accurate.
You can suppress this message by setting them explicitly:

    git config --global user.name "Your Name"
    git config --global user.email you@example.com

After doing this, you may fix the identity used for this commit with:

    git commit --amend --reset-author

 1 file changed, 1477 insertions(+), 1477 deletions(-)
To https://github.com/chiaranatale-web/ranking-electro.git
   d504018..774a961  main -> main
OK (340 filas)

Generando HTML...

Listo: C:\Users\cnatale\Claudio\Reportes\freidoras_ranking.html
Publicado en GitHub Pages (29/04/2026 16:56)
Grid actualizado: https://grid.adminml.com/d/01KQDD0BVS4ZH8G6VG11WHQBY1/view
[mi‚ 29/04/2026 16:56:10,59] Refresh completado. 
[mi‚ 29/04/2026 17:05:02,75] === Ranking Electro Diario refresh === 
============================================================
Ranking Electro Diario - MLA
Fecha: 29/04/2026 17:05
Ayer: 2026-04-28  |  Hoy: 2026-04-29
============================================================

Ejecutando queries BigQuery...
  [Ayer 2026-04-28 (batch)]... C:\Users\cnatale\AppData\Local\Programs\Python\Python312\Lib\site-packages\google\cloud\bigquery\table.py:2086: UserWarning: BigQuery Storage module not found, fetch data with the REST endpoint instead.
  warnings.warn(
OK (340 filas)
  [Hoy  2026-04-29  (NRT)]... [main 7078d24] update 29/04/2026 17:05
 Committer: Chiara Natale <cnatale@ml.com>
Your name and email address were configured automatically based
on your username and hostname. Please check that they are accurate.
You can suppress this message by setting them explicitly:

    git config --global user.name "Your Name"
    git config --global user.email you@example.com

After doing this, you may fix the identity used for this commit with:

    git commit --amend --reset-author

 1 file changed, 1 insertion(+), 1 deletion(-)
To https://github.com/chiaranatale-web/ranking-electro.git
   774a961..7078d24  main -> main
OK (340 filas)

Generando HTML...

Listo: C:\Users\cnatale\Claudio\Reportes\freidoras_ranking.html
Publicado en GitHub Pages (29/04/2026 17:05)
Grid actualizado: https://grid.adminml.com/d/01KQDDH51KKZGWRC0YC330M1FF/view
[mi‚ 29/04/2026 17:05:20,58] Refresh completado. 
[jue 30/04/2026  9:35:56,17] === Ranking Electro Diario refresh === 
============================================================
Ranking Electro Diario - MLA
Fecha: 30/04/2026 09:36
Ayer: 2026-04-29  |  Hoy: 2026-04-30
============================================================

Ejecutando queries BigQuery...
  [Ayer 2026-04-29 (batch)]... C:\Users\cnatale\AppData\Local\Programs\Python\Python312\Lib\site-packages\google\cloud\bigquery\table.py:2086: UserWarning: BigQuery Storage module not found, fetch data with the REST endpoint instead.
  warnings.warn(
OK (340 filas)
  [Hoy  2026-04-30  (NRT)]... [main 5d44746] update 30/04/2026 09:36
 Committer: Chiara Natale <cnatale@ml.com>
Your name and email address were configured automatically based
on your username and hostname. Please check that they are accurate.
You can suppress this message by setting them explicitly:

    git config --global user.name "Your Name"
    git config --global user.email you@example.com

After doing this, you may fix the identity used for this commit with:

    git commit --amend --reset-author

 1 file changed, 2744 insertions(+), 6467 deletions(-)
To https://github.com/chiaranatale-web/ranking-electro.git
   7078d24..5d44746  main -> main
ERROR: 403 Quota exceeded: Your project_and_region exceeded quota for max number of jobs that can be queued per project. For more information, see https://cloud.google.com/bigquery/docs/troubleshoot-quotas; reason: quotaExceeded, location: max_queued_jobs, message: Quota exceeded: Your project_and_region exceeded quota for max number of jobs that can be queued per project. For more information, see https://cloud.google.com/bigquery/docs/troubleshoot-quotas

Location: US
Job ID: 0442ec1c-759b-419e-9021-71c6e86b27f2


Generando HTML...

Listo: C:\Users\cnatale\Claudio\Reportes\freidoras_ranking.html
Publicado en GitHub Pages (30/04/2026 09:36)
ERROR: respuesta no JSON: 
[jue 30/04/2026  9:36:56,43] Refresh completado. 
[jue 30/04/2026  9:48:02,94] === Ranking Electro Diario refresh === 
============================================================
Ranking Electro Diario - MLA
Fecha: 30/04/2026 09:48
Ayer: 2026-04-29  |  Hoy: 2026-04-30
============================================================

Ejecutando queries BigQuery...
  [Ayer 2026-04-29 (batch)]... C:\Users\cnatale\AppData\Local\Programs\Python\Python312\Lib\site-packages\google\cloud\bigquery\table.py:2086: UserWarning: BigQuery Storage module not found, fetch data with the REST endpoint instead.
  warnings.warn(
OK (340 filas)
  [Hoy  2026-04-30  (NRT)]... [main 0cd204d] update 30/04/2026 09:48
 Committer: Chiara Natale <cnatale@ml.com>
Your name and email address were configured automatically based
on your username and hostname. Please check that they are accurate.
You can suppress this message by setting them explicitly:

    git config --global user.name "Your Name"
    git config --global user.email you@example.com

After doing this, you may fix the identity used for this commit with:

    git commit --amend --reset-author

 1 file changed, 4586 insertions(+), 929 deletions(-)
To https://github.com/chiaranatale-web/ranking-electro.git
   5d44746..0cd204d  main -> main
OK (334 filas)

Generando HTML...

Listo: C:\Users\cnatale\Claudio\Reportes\freidoras_ranking.html
Publicado en GitHub Pages (30/04/2026 09:48)
ERROR: respuesta no JSON: 
[jue 30/04/2026  9:48:42,54] Refresh completado. 
[jue 30/04/2026 10:05:04,04] === Ranking Electro Diario refresh === 
============================================================
Ranking Electro Diario - MLA
Fecha: 30/04/2026 10:05
Ayer: 2026-04-29  |  Hoy: 2026-04-30
============================================================

Ejecutando queries BigQuery...
  [Ayer 2026-04-29 (batch)]... C:\Users\cnatale\AppData\Local\Programs\Python\Python312\Lib\site-packages\google\cloud\bigquery\table.py:2086: UserWarning: BigQuery Storage module not found, fetch data with the REST endpoint instead.
  warnings.warn(
OK (340 filas)
  [Hoy  2026-04-30  (NRT)]... [main eb6d0b5] update 30/04/2026 10:05
 Committer: Chiara Natale <cnatale@ml.com>
Your name and email address were configured automatically based
on your username and hostname. Please check that they are accurate.
You can suppress this message by setting them explicitly:

    git config --global user.name "Your Name"
    git config --global user.email you@example.com

After doing this, you may fix the identity used for this commit with:

    git commit --amend --reset-author

 1 file changed, 1 insertion(+), 1 deletion(-)
To https://github.com/chiaranatale-web/ranking-electro.git
   0cd204d..eb6d0b5  main -> main
OK (334 filas)

Generando HTML...

Listo: C:\Users\cnatale\Claudio\Reportes\freidoras_ranking.html
Publicado en GitHub Pages (30/04/2026 10:05)
ERROR: respuesta no JSON: 
[jue 30/04/2026 10:06:04,41] Refresh completado. 
[jue 30/04/2026 10:48:02,68] === Ranking Electro Diario refresh === 
============================================================
Ranking Electro Diario - MLA
Fecha: 30/04/2026 10:48
Ayer: 2026-04-29  |  Hoy: 2026-04-30
============================================================

Ejecutando queries BigQuery...
  [Ayer 2026-04-29 (batch)]... C:\Users\cnatale\AppData\Local\Programs\Python\Python312\Lib\site-packages\google\cloud\bigquery\table.py:2086: UserWarning: BigQuery Storage module not found, fetch data with the REST endpoint instead.
  warnings.warn(
OK (340 filas)
  [Hoy  2026-04-30  (NRT)]... [main 0e95581] update 30/04/2026 10:48
 Committer: Chiara Natale <cnatale@ml.com>
Your name and email address were configured automatically based
on your username and hostname. Please check that they are accurate.
You can suppress this message by setting them explicitly:

    git config --global user.name "Your Name"
    git config --global user.email you@example.com

After doing this, you may fix the identity used for this commit with:

    git commit --amend --reset-author

 1 file changed, 1808 insertions(+), 1786 deletions(-)
To https://github.com/chiaranatale-web/ranking-electro.git
   eb6d0b5..0e95581  main -> main
OK (336 filas)

Generando HTML...

Listo: C:\Users\cnatale\Claudio\Reportes\freidoras_ranking.html
Publicado en GitHub Pages (30/04/2026 10:48)
ERROR: respuesta no JSON: 
[jue 30/04/2026 10:48:42,03] Refresh completado. 
[jue 30/04/2026 11:05:02,68] === Ranking Electro Diario refresh === 
============================================================
Ranking Electro Diario - MLA
Fecha: 30/04/2026 11:05
Ayer: 2026-04-29  |  Hoy: 2026-04-30
============================================================

Ejecutando queries BigQuery...
  [Ayer 2026-04-29 (batch)]... C:\Users\cnatale\AppData\Local\Programs\Python\Python312\Lib\site-packages\google\cloud\bigquery\table.py:2086: UserWarning: BigQuery Storage module not found, fetch data with the REST endpoint instead.
  warnings.warn(
OK (340 filas)
  [Hoy  2026-04-30  (NRT)]... [main a1113e6] update 30/04/2026 11:05
 Committer: Chiara Natale <cnatale@ml.com>
Your name and email address were configured automatically based
on your username and hostname. Please check that they are accurate.
You can suppress this message by setting them explicitly:

    git config --global user.name "Your Name"
    git config --global user.email you@example.com

After doing this, you may fix the identity used for this commit with:

    git commit --amend --reset-author

 1 file changed, 1 insertion(+), 1 deletion(-)
To https://github.com/chiaranatale-web/ranking-electro.git
   0e95581..a1113e6  main -> main
OK (336 filas)

Generando HTML...

Listo: C:\Users\cnatale\Claudio\Reportes\freidoras_ranking.html
Publicado en GitHub Pages (30/04/2026 11:05)
Grid actualizado: https://grid.adminml.com/d/01KQFBAYK3SSFN9YDDAC4QMQTW/view
[jue 30/04/2026 11:05:30,03] Refresh completado. 
[jue 30/04/2026 11:48:02,81] === Ranking Electro Diario refresh === 
============================================================
Ranking Electro Diario - MLA
Fecha: 30/04/2026 11:48
Ayer: 2026-04-29  |  Hoy: 2026-04-30
============================================================

Ejecutando queries BigQuery...
  [Ayer 2026-04-29 (batch)]... C:\Users\cnatale\AppData\Local\Programs\Python\Python312\Lib\site-packages\google\cloud\bigquery\table.py:2086: UserWarning: BigQuery Storage module not found, fetch data with the REST endpoint instead.
  warnings.warn(
OK (340 filas)
  [Hoy  2026-04-30  (NRT)]... [main 605577c] update 30/04/2026 11:48
 Committer: Chiara Natale <cnatale@ml.com>
Your name and email address were configured automatically based
on your username and hostname. Please check that they are accurate.
You can suppress this message by setting them explicitly:

    git config --global user.name "Your Name"
    git config --global user.email you@example.com

After doing this, you may fix the identity used for this commit with:

    git commit --amend --reset-author

 1 file changed, 1845 insertions(+), 1801 deletions(-)
To https://github.com/chiaranatale-web/ranking-electro.git
   a1113e6..605577c  main -> main
OK (340 filas)

Generando HTML...

Listo: C:\Users\cnatale\Claudio\Reportes\freidoras_ranking.html
Publicado en GitHub Pages (30/04/2026 11:48)
Grid actualizado: https://grid.adminml.com/d/01KQFDTBB7JBK443PF3RFJ0CV3/view
[jue 30/04/2026 11:48:56,11] Refresh completado. 
[jue 30/04/2026 12:05:02,94] === Ranking Electro Diario refresh === 
============================================================
Ranking Electro Diario - MLA
Fecha: 30/04/2026 12:05
Ayer: 2026-04-29  |  Hoy: 2026-04-30
============================================================

Ejecutando queries BigQuery...
  [Ayer 2026-04-29 (batch)]... C:\Users\cnatale\AppData\Local\Programs\Python\Python312\Lib\site-packages\google\cloud\bigquery\table.py:2086: UserWarning: BigQuery Storage module not found, fetch data with the REST endpoint instead.
  warnings.warn(
OK (340 filas)
  [Hoy  2026-04-30  (NRT)]... [main 86f8d06] update 30/04/2026 12:05
 Committer: Chiara Natale <cnatale@ml.com>
Your name and email address were configured automatically based
on your username and hostname. Please check that they are accurate.
You can suppress this message by setting them explicitly:

    git config --global user.name "Your Name"
    git config --global user.email you@example.com

After doing this, you may fix the identity used for this commit with:

    git commit --amend --reset-author

 1 file changed, 1 insertion(+), 1 deletion(-)
To https://github.com/chiaranatale-web/ranking-electro.git
   605577c..86f8d06  main -> main
OK (340 filas)

Generando HTML...

Listo: C:\Users\cnatale\Claudio\Reportes\freidoras_ranking.html
Publicado en GitHub Pages (30/04/2026 12:05)
Grid actualizado: https://grid.adminml.com/d/01KQFERQBKP2YHA2B4493VPG85/view
[jue 30/04/2026 12:05:26,13] Refresh completado. 
[jue 30/04/2026 13:40:35,24] === Ranking Electro Diario refresh === 
============================================================
Ranking Electro Diario - MLA
Fecha: 30/04/2026 13:40
Ayer: 2026-04-29  |  Hoy: 2026-04-30
============================================================

Ejecutando queries BigQuery...
  [Ayer 2026-04-29 (batch)]... C:\Users\cnatale\AppData\Local\Programs\Python\Python312\Lib\site-packages\google\cloud\bigquery\table.py:2086: UserWarning: BigQuery Storage module not found, fetch data with the REST endpoint instead.
  warnings.warn(
OK (340 filas)
  [Hoy  2026-04-30  (NRT)]... [main af8e08d] update 30/04/2026 13:40
 Committer: Chiara Natale <cnatale@ml.com>
Your name and email address were configured automatically based
on your username and hostname. Please check that they are accurate.
You can suppress this message by setting them explicitly:

    git config --global user.name "Your Name"
    git config --global user.email you@example.com

After doing this, you may fix the identity used for this commit with:

    git commit --amend --reset-author

 1 file changed, 1918 insertions(+), 1918 deletions(-)
To https://github.com/chiaranatale-web/ranking-electro.git
   86f8d06..af8e08d  main -> main
OK (340 filas)

Generando HTML...

Listo: C:\Users\cnatale\Claudio\Reportes\freidoras_ranking.html
Publicado en GitHub Pages (30/04/2026 13:40)
Grid actualizado: https://grid.adminml.com/d/01KQFM7XZ7MA99WKXEEYXN408H/view
[jue 30/04/2026 13:41:07,33] Refresh completado. 
[jue 30/04/2026 13:48:03,18] === Ranking Electro Diario refresh === 
============================================================
Ranking Electro Diario - MLA
Fecha: 30/04/2026 13:48
Ayer: 2026-04-29  |  Hoy: 2026-04-30
============================================================

Ejecutando queries BigQuery...
  [Ayer 2026-04-29 (batch)]... C:\Users\cnatale\AppData\Local\Programs\Python\Python312\Lib\site-packages\google\cloud\bigquery\table.py:2086: UserWarning: BigQuery Storage module not found, fetch data with the REST endpoint instead.
  warnings.warn(
OK (340 filas)
  [Hoy  2026-04-30  (NRT)]... [main 094da51] update 30/04/2026 13:48
 Committer: Chiara Natale <cnatale@ml.com>
Your name and email address were configured automatically based
on your username and hostname. Please check that they are accurate.
You can suppress this message by setting them explicitly:

    git config --global user.name "Your Name"
    git config --global user.email you@example.com

After doing this, you may fix the identity used for this commit with:

    git commit --amend --reset-author

 1 file changed, 1 insertion(+), 1 deletion(-)
To https://github.com/chiaranatale-web/ranking-electro.git
   af8e08d..094da51  main -> main
OK (340 filas)

Generando HTML...

Listo: C:\Users\cnatale\Claudio\Reportes\freidoras_ranking.html
Publicado en GitHub Pages (30/04/2026 13:48)
Grid actualizado: https://grid.adminml.com/d/01KQFMN724NJNW9GVZPY1DWGHD/view
[jue 30/04/2026 13:48:22,60] Refresh completado. 
[jue 30/04/2026 14:05:02,92] === Ranking Electro Diario refresh === 
============================================================
Ranking Electro Diario - MLA
Fecha: 30/04/2026 14:05
Ayer: 2026-04-29  |  Hoy: 2026-04-30
============================================================

Ejecutando queries BigQuery...
  [Ayer 2026-04-29 (batch)]... C:\Users\cnatale\AppData\Local\Programs\Python\Python312\Lib\site-packages\google\cloud\bigquery\table.py:2086: UserWarning: BigQuery Storage module not found, fetch data with the REST endpoint instead.
  warnings.warn(
OK (340 filas)
  [Hoy  2026-04-30  (NRT)]... [main c85d9f7] update 30/04/2026 14:05
 Committer: Chiara Natale <cnatale@ml.com>
Your name and email address were configured automatically based
on your username and hostname. Please check that they are accurate.
You can suppress this message by setting them explicitly:

    git config --global user.name "Your Name"
    git config --global user.email you@example.com

After doing this, you may fix the identity used for this commit with:

    git commit --amend --reset-author

 1 file changed, 1 insertion(+), 1 deletion(-)
To https://github.com/chiaranatale-web/ranking-electro.git
   094da51..c85d9f7  main -> main
OK (340 filas)

Generando HTML...

Listo: C:\Users\cnatale\Claudio\Reportes\freidoras_ranking.html
Publicado en GitHub Pages (30/04/2026 14:05)
Grid actualizado: https://grid.adminml.com/d/01KQFNMDYM1DBAKAAX18M164EP/view
[jue 30/04/2026 14:05:25,46] Refresh completado. 
[jue 30/04/2026 14:48:03,14] === Ranking Electro Diario refresh === 
============================================================
Ranking Electro Diario - MLA
Fecha: 30/04/2026 14:48
Ayer: 2026-04-29  |  Hoy: 2026-04-30
============================================================

Ejecutando queries BigQuery...
  [Ayer 2026-04-29 (batch)]... C:\Users\cnatale\AppData\Local\Programs\Python\Python312\Lib\site-packages\google\cloud\bigquery\table.py:2086: UserWarning: BigQuery Storage module not found, fetch data with the REST endpoint instead.
  warnings.warn(
OK (340 filas)
  [Hoy  2026-04-30  (NRT)]... [main 20fc1ea] update 30/04/2026 14:48
 Committer: Chiara Natale <cnatale@ml.com>
Your name and email address were configured automatically based
on your username and hostname. Please check that they are accurate.
You can suppress this message by setting them explicitly:

    git config --global user.name "Your Name"
    git config --global user.email you@example.com

After doing this, you may fix the identity used for this commit with:

    git commit --amend --reset-author

 1 file changed, 1650 insertions(+), 1650 deletions(-)
To https://github.com/chiaranatale-web/ranking-electro.git
   c85d9f7..20fc1ea  main -> main
OK (340 filas)

Generando HTML...

Listo: C:\Users\cnatale\Claudio\Reportes\freidoras_ranking.html
Publicado en GitHub Pages (30/04/2026 14:48)
Grid actualizado: https://grid.adminml.com/d/01KQFR340WV74PVVQQC1G2K27N/view
[jue 30/04/2026 14:48:23,90] Refresh completado. 
[jue 30/04/2026 15:05:02,78] === Ranking Electro Diario refresh === 
============================================================
Ranking Electro Diario - MLA
Fecha: 30/04/2026 15:05
Ayer: 2026-04-29  |  Hoy: 2026-04-30
============================================================

Ejecutando queries BigQuery...
  [Ayer 2026-04-29 (batch)]... C:\Users\cnatale\AppData\Local\Programs\Python\Python312\Lib\site-packages\google\cloud\bigquery\table.py:2086: UserWarning: BigQuery Storage module not found, fetch data with the REST endpoint instead.
  warnings.warn(
OK (340 filas)
  [Hoy  2026-04-30  (NRT)]... [main 22fbd46] update 30/04/2026 15:05
 Committer: Chiara Natale <cnatale@ml.com>
Your name and email address were configured automatically based
on your username and hostname. Please check that they are accurate.
You can suppress this message by setting them explicitly:

    git config --global user.name "Your Name"
    git config --global user.email you@example.com

After doing this, you may fix the identity used for this commit with:

    git commit --amend --reset-author

 1 file changed, 1 insertion(+), 1 deletion(-)
To https://github.com/chiaranatale-web/ranking-electro.git
   20fc1ea..22fbd46  main -> main
OK (340 filas)

Generando HTML...

Listo: C:\Users\cnatale\Claudio\Reportes\freidoras_ranking.html
Publicado en GitHub Pages (30/04/2026 15:05)
Grid actualizado: https://grid.adminml.com/d/01KQFS278DJ2FB2ZSMQ938VA5H/view
[jue 30/04/2026 15:05:23,06] Refresh completado. 
[jue 30/04/2026 15:51:18,74] === Ranking Electro Diario refresh === 
============================================================
Ranking Electro Diario - MLA
Fecha: 30/04/2026 15:51
Ayer: 2026-04-29  |  Hoy: 2026-04-30
============================================================

Ejecutando queries BigQuery...
  [Ayer 2026-04-29 (batch)]... C:\Users\cnatale\AppData\Local\Programs\Python\Python312\Lib\site-packages\google\cloud\bigquery\table.py:2086: UserWarning: BigQuery Storage module not found, fetch data with the REST endpoint instead.
  warnings.warn(
OK (340 filas)
  [Hoy  2026-04-30  (NRT)]... [main 4c8d638] update 30/04/2026 15:51
 Committer: Chiara Natale <cnatale@ml.com>
Your name and email address were configured automatically based
on your username and hostname. Please check that they are accurate.
You can suppress this message by setting them explicitly:

    git config --global user.name "Your Name"
    git config --global user.email you@example.com

After doing this, you may fix the identity used for this commit with:

    git commit --amend --reset-author

 1 file changed, 1464 insertions(+), 1464 deletions(-)
To https://github.com/chiaranatale-web/ranking-electro.git
   22fbd46..4c8d638  main -> main
OK (340 filas)

Generando HTML...

Listo: C:\Users\cnatale\Claudio\Reportes\freidoras_ranking.html
Publicado en GitHub Pages (30/04/2026 15:51)
Grid actualizado: https://grid.adminml.com/d/01KQFVQGVN0RVE2TBSN6ZA750Z/view
[jue 30/04/2026 15:51:58,40] Refresh completado. 
[jue 30/04/2026 16:11:14,27] === Ranking Electro Diario refresh === 
============================================================
Ranking Electro Diario - MLA
Fecha: 30/04/2026 16:11
Ayer: 2026-04-29  |  Hoy: 2026-04-30
============================================================

Ejecutando queries BigQuery...
  [Ayer 2026-04-29 (batch)]... C:\Users\cnatale\AppData\Local\Programs\Python\Python312\Lib\site-packages\google\cloud\bigquery\table.py:2086: UserWarning: BigQuery Storage module not found, fetch data with the REST endpoint instead.
  warnings.warn(
OK (340 filas)
  [Hoy  2026-04-30  (NRT)]... [main b879e27] update 30/04/2026 16:11
 Committer: Chiara Natale <cnatale@ml.com>
Your name and email address were configured automatically based
on your username and hostname. Please check that they are accurate.
You can suppress this message by setting them explicitly:

    git config --global user.name "Your Name"
    git config --global user.email you@example.com

After doing this, you may fix the identity used for this commit with:

    git commit --amend --reset-author

 1 file changed, 1 insertion(+), 1 deletion(-)
To https://github.com/chiaranatale-web/ranking-electro.git
   4c8d638..b879e27  main -> main
OK (340 filas)

Generando HTML...

Listo: C:\Users\cnatale\Claudio\Reportes\freidoras_ranking.html
Publicado en GitHub Pages (30/04/2026 16:11)
Grid actualizado: https://grid.adminml.com/d/01KQFWVMZAKTQMF30SRB2P7Q8G/view
[jue 30/04/2026 16:11:42,09] Refresh completado. 
[dom 03/05/2026 18:21:24,35] === Ranking Electro Diario refresh === 
============================================================
Ranking Electro Diario - MLA
Fecha: 03/05/2026 18:22
Ayer: 2026-05-02  |  Hoy: 2026-05-03
============================================================

Ejecutando queries BigQuery...
  [Ayer 2026-05-02 (batch)]... C:\Users\cnatale\AppData\Local\Programs\Python\Python312\Lib\site-packages\google\cloud\bigquery\table.py:2086: UserWarning: BigQuery Storage module not found, fetch data with the REST endpoint instead.
  warnings.warn(
OK (340 filas)
  [Hoy  2026-05-03  (NRT)]... [main c65fefb] update 03/05/2026 18:22
 Committer: Chiara Natale <cnatale@ml.com>
Your name and email address were configured automatically based
on your username and hostname. Please check that they are accurate.
You can suppress this message by setting them explicitly:

    git config --global user.name "Your Name"
    git config --global user.email you@example.com

After doing this, you may fix the identity used for this commit with:

    git commit --amend --reset-author

 1 file changed, 4136 insertions(+), 4136 deletions(-)
To https://github.com/chiaranatale-web/ranking-electro.git
   b879e27..c65fefb  main -> main
OK (340 filas)

Generando HTML...

Listo: C:\Users\cnatale\Claudio\Reportes\freidoras_ranking.html
Publicado en GitHub Pages (03/05/2026 18:22)
ERROR: respuesta no JSON: 
[dom 03/05/2026 18:22:55,88] Refresh completado. 
[lun 04/05/2026  3:48:03,35] === Ranking Electro Diario refresh === 
============================================================
Ranking Electro Diario - MLA
Fecha: 04/05/2026 03:48
Ayer: 2026-05-03  |  Hoy: 2026-05-04
============================================================

Ejecutando queries BigQuery...
  [Ayer 2026-05-03 (batch)]... C:\Users\cnatale\AppData\Local\Programs\Python\Python312\Lib\site-packages\google\cloud\bigquery\table.py:2086: UserWarning: BigQuery Storage module not found, fetch data with the REST endpoint instead.
  warnings.warn(
OK (340 filas)
  [Hoy  2026-05-04  (NRT)]... [main 6910924] update 04/05/2026 03:48
 Committer: Chiara Natale <cnatale@ml.com>
Your name and email address were configured automatically based
on your username and hostname. Please check that they are accurate.
You can suppress this message by setting them explicitly:

    git config --global user.name "Your Name"
    git config --global user.email you@example.com

After doing this, you may fix the identity used for this commit with:

    git commit --amend --reset-author

 1 file changed, 3981 insertions(+), 4047 deletions(-)
To https://github.com/chiaranatale-web/ranking-electro.git
   c65fefb..6910924  main -> main
OK (334 filas)

Generando HTML...

Listo: C:\Users\cnatale\Claudio\Reportes\freidoras_ranking.html
Publicado en GitHub Pages (04/05/2026 03:48)
ERROR: respuesta no JSON: 
[lun 04/05/2026  3:48:46,75] Refresh completado. 
[lun 04/05/2026 10:05:03,44] === Ranking Electro Diario refresh === 
============================================================
Ranking Electro Diario - MLA
Fecha: 04/05/2026 10:05
Ayer: 2026-05-03  |  Hoy: 2026-05-04
============================================================

Ejecutando queries BigQuery...
  [Ayer 2026-05-03 (batch)]... C:\Users\cnatale\AppData\Local\Programs\Python\Python312\Lib\site-packages\google\cloud\bigquery\table.py:2086: UserWarning: BigQuery Storage module not found, fetch data with the REST endpoint instead.
  warnings.warn(
OK (340 filas)
  [Hoy  2026-05-04  (NRT)]... [main 63aea37] update 04/05/2026 10:05
 Committer: Chiara Natale <cnatale@ml.com>
Your name and email address were configured automatically based
on your username and hostname. Please check that they are accurate.
You can suppress this message by setting them explicitly:

    git config --global user.name "Your Name"
    git config --global user.email you@example.com

After doing this, you may fix the identity used for this commit with:

    git commit --amend --reset-author

 1 file changed, 1 insertion(+), 1 deletion(-)
To https://github.com/chiaranatale-web/ranking-electro.git
   6910924..63aea37  main -> main
OK (334 filas)

Generando HTML...

Listo: C:\Users\cnatale\Claudio\Reportes\freidoras_ranking.html
Publicado en GitHub Pages (04/05/2026 10:05)
ERROR: respuesta no JSON: 
[lun 04/05/2026 10:06:05,98] Refresh completado. 
[lun 04/05/2026 10:48:02,29] === Ranking Electro Diario refresh === 
============================================================
Ranking Electro Diario - MLA
Fecha: 04/05/2026 10:48
Ayer: 2026-05-03  |  Hoy: 2026-05-04
============================================================

Ejecutando queries BigQuery...
  [Ayer 2026-05-03 (batch)]... C:\Users\cnatale\AppData\Local\Programs\Python\Python312\Lib\site-packages\google\cloud\bigquery\table.py:2086: UserWarning: BigQuery Storage module not found, fetch data with the REST endpoint instead.
  warnings.warn(
OK (340 filas)
  [Hoy  2026-05-04  (NRT)]... [main 1c0a345] update 04/05/2026 10:48
 Committer: Chiara Natale <cnatale@ml.com>
Your name and email address were configured automatically based
on your username and hostname. Please check that they are accurate.
You can suppress this message by setting them explicitly:

    git config --global user.name "Your Name"
    git config --global user.email you@example.com

After doing this, you may fix the identity used for this commit with:

    git commit --amend --reset-author

 1 file changed, 1857 insertions(+), 1791 deletions(-)
To https://github.com/chiaranatale-web/ranking-electro.git
   63aea37..1c0a345  main -> main
OK (340 filas)

Generando HTML...

Listo: C:\Users\cnatale\Claudio\Reportes\freidoras_ranking.html
Publicado en GitHub Pages (04/05/2026 10:48)
ERROR: respuesta no JSON: 
[lun 04/05/2026 10:48:43,63] Refresh completado. 
[lun 04/05/2026 11:05:02,26] === Ranking Electro Diario refresh === 
============================================================
Ranking Electro Diario - MLA
Fecha: 04/05/2026 11:05
Ayer: 2026-05-03  |  Hoy: 2026-05-04
============================================================

Ejecutando queries BigQuery...
  [Ayer 2026-05-03 (batch)]... C:\Users\cnatale\AppData\Local\Programs\Python\Python312\Lib\site-packages\google\cloud\bigquery\table.py:2086: UserWarning: BigQuery Storage module not found, fetch data with the REST endpoint instead.
  warnings.warn(
OK (340 filas)
  [Hoy  2026-05-04  (NRT)]... [main 11f081b] update 04/05/2026 11:05
 Committer: Chiara Natale <cnatale@ml.com>
Your name and email address were configured automatically based
on your username and hostname. Please check that they are accurate.
You can suppress this message by setting them explicitly:

    git config --global user.name "Your Name"
    git config --global user.email you@example.com

After doing this, you may fix the identity used for this commit with:

    git commit --amend --reset-author

 1 file changed, 1 insertion(+), 1 deletion(-)
To https://github.com/chiaranatale-web/ranking-electro.git
   1c0a345..11f081b  main -> main
OK (340 filas)

Generando HTML...

Listo: C:\Users\cnatale\Claudio\Reportes\freidoras_ranking.html
Publicado en GitHub Pages (04/05/2026 11:05)
ERROR: respuesta no JSON: 
[lun 04/05/2026 11:05:36,40] Refresh completado. 
[lun 04/05/2026 11:48:02,54] === Ranking Electro Diario refresh === 
============================================================
Ranking Electro Diario - MLA
Fecha: 04/05/2026 11:48
Ayer: 2026-05-03  |  Hoy: 2026-05-04
============================================================

Ejecutando queries BigQuery...
  [Ayer 2026-05-03 (batch)]... C:\Users\cnatale\AppData\Local\Programs\Python\Python312\Lib\site-packages\google\cloud\bigquery\table.py:2086: UserWarning: BigQuery Storage module not found, fetch data with the REST endpoint instead.
  warnings.warn(
OK (340 filas)
  [Hoy  2026-05-04  (NRT)]... [main 9fd0ef3] update 04/05/2026 11:48
 Committer: Chiara Natale <cnatale@ml.com>
Your name and email address were configured automatically based
on your username and hostname. Please check that they are accurate.
You can suppress this message by setting them explicitly:

    git config --global user.name "Your Name"
    git config --global user.email you@example.com

After doing this, you may fix the identity used for this commit with:

    git commit --amend --reset-author

 1 file changed, 1802 insertions(+), 1802 deletions(-)
To https://github.com/chiaranatale-web/ranking-electro.git
   11f081b..9fd0ef3  main -> main
OK (340 filas)

Generando HTML...

Listo: C:\Users\cnatale\Claudio\Reportes\freidoras_ranking.html
Publicado en GitHub Pages (04/05/2026 11:48)
ERROR: respuesta no JSON: 
[lun 04/05/2026 11:48:42,46] Refresh completado. 
[lun 04/05/2026 12:05:02,75] === Ranking Electro Diario refresh === 
============================================================
Ranking Electro Diario - MLA
Fecha: 04/05/2026 12:05
Ayer: 2026-05-03  |  Hoy: 2026-05-04
============================================================

Ejecutando queries BigQuery...
  [Ayer 2026-05-03 (batch)]... C:\Users\cnatale\AppData\Local\Programs\Python\Python312\Lib\site-packages\google\cloud\bigquery\table.py:2086: UserWarning: BigQuery Storage module not found, fetch data with the REST endpoint instead.
  warnings.warn(
OK (340 filas)
  [Hoy  2026-05-04  (NRT)]... [main ca56363] update 04/05/2026 12:05
 Committer: Chiara Natale <cnatale@ml.com>
Your name and email address were configured automatically based
on your username and hostname. Please check that they are accurate.
You can suppress this message by setting them explicitly:

    git config --global user.name "Your Name"
    git config --global user.email you@example.com

After doing this, you may fix the identity used for this commit with:

    git commit --amend --reset-author

 1 file changed, 1 insertion(+), 1 deletion(-)
To https://github.com/chiaranatale-web/ranking-electro.git
   9fd0ef3..ca56363  main -> main
OK (340 filas)

Generando HTML...

Listo: C:\Users\cnatale\Claudio\Reportes\freidoras_ranking.html
Publicado en GitHub Pages (04/05/2026 12:05)
ERROR: respuesta no JSON: 
[lun 04/05/2026 12:05:43,74] Refresh completado. 
[lun 04/05/2026 12:48:02,53] === Ranking Electro Diario refresh === 
============================================================
Ranking Electro Diario - MLA
Fecha: 04/05/2026 12:48
Ayer: 2026-05-03  |  Hoy: 2026-05-04
============================================================

Ejecutando queries BigQuery...
  [Ayer 2026-05-03 (batch)]... C:\Users\cnatale\AppData\Local\Programs\Python\Python312\Lib\site-packages\google\cloud\bigquery\table.py:2086: UserWarning: BigQuery Storage module not found, fetch data with the REST endpoint instead.
  warnings.warn(
OK (340 filas)
  [Hoy  2026-05-04  (NRT)]... [main 880ae11] update 04/05/2026 12:48
 Committer: Chiara Natale <cnatale@ml.com>
Your name and email address were configured automatically based
on your username and hostname. Please check that they are accurate.
You can suppress this message by setting them explicitly:

    git config --global user.name "Your Name"
    git config --global user.email you@example.com

After doing this, you may fix the identity used for this commit with:

    git commit --amend --reset-author

 1 file changed, 1811 insertions(+), 1811 deletions(-)
To https://github.com/chiaranatale-web/ranking-electro.git
   ca56363..880ae11  main -> main
OK (340 filas)

Generando HTML...

Listo: C:\Users\cnatale\Claudio\Reportes\freidoras_ranking.html
Publicado en GitHub Pages (04/05/2026 12:48)
ERROR: respuesta no JSON: 
[lun 04/05/2026 12:48:40,80] Refresh completado. 
[lun 04/05/2026 13:05:02,66] === Ranking Electro Diario refresh === 
============================================================
Ranking Electro Diario - MLA
Fecha: 04/05/2026 13:05
Ayer: 2026-05-03  |  Hoy: 2026-05-04
============================================================

Ejecutando queries BigQuery...
  [Ayer 2026-05-03 (batch)]... C:\Users\cnatale\AppData\Local\Programs\Python\Python312\Lib\site-packages\google\cloud\bigquery\table.py:2086: UserWarning: BigQuery Storage module not found, fetch data with the REST endpoint instead.
  warnings.warn(
OK (340 filas)
  [Hoy  2026-05-04  (NRT)]... [main 09d3da7] update 04/05/2026 13:05
 Committer: Chiara Natale <cnatale@ml.com>
Your name and email address were configured automatically based
on your username and hostname. Please check that they are accurate.
You can suppress this message by setting them explicitly:

    git config --global user.name "Your Name"
    git config --global user.email you@example.com

After doing this, you may fix the identity used for this commit with:

    git commit --amend --reset-author

 1 file changed, 1 insertion(+), 1 deletion(-)
To https://github.com/chiaranatale-web/ranking-electro.git
   880ae11..09d3da7  main -> main
OK (340 filas)

Generando HTML...

Listo: C:\Users\cnatale\Claudio\Reportes\freidoras_ranking.html
Publicado en GitHub Pages (04/05/2026 13:05)
ERROR: respuesta no JSON: 
[lun 04/05/2026 13:05:38,85] Refresh completado. 
[lun 04/05/2026 13:57:48,86] === Ranking Electro Diario refresh === 
============================================================
Ranking Electro Diario - MLA
Fecha: 04/05/2026 13:57
Ayer: 2026-05-03  |  Hoy: 2026-05-04
============================================================

Ejecutando queries BigQuery...
  [Ayer 2026-05-03 (batch)]... C:\Users\cnatale\AppData\Local\Programs\Python\Python312\Lib\site-packages\google\cloud\bigquery\table.py:2086: UserWarning: BigQuery Storage module not found, fetch data with the REST endpoint instead.
  warnings.warn(
OK (340 filas)
  [Hoy  2026-05-04  (NRT)]... [main d57a2e1] update 04/05/2026 13:58
 Committer: Chiara Natale <cnatale@ml.com>
Your name and email address were configured automatically based
on your username and hostname. Please check that they are accurate.
You can suppress this message by setting them explicitly:

    git config --global user.name "Your Name"
    git config --global user.email you@example.com

After doing this, you may fix the identity used for this commit with:

    git commit --amend --reset-author

 1 file changed, 1724 insertions(+), 1724 deletions(-)
To https://github.com/chiaranatale-web/ranking-electro.git
   09d3da7..d57a2e1  main -> main
OK (340 filas)

Generando HTML...

Listo: C:\Users\cnatale\Claudio\Reportes\freidoras_ranking.html
Publicado en GitHub Pages (04/05/2026 13:58)
ERROR: respuesta no JSON: 
[lun 04/05/2026 13:58:31,43] Refresh completado. 
[lun 04/05/2026 14:05:02,74] === Ranking Electro Diario refresh === 
============================================================
Ranking Electro Diario - MLA
Fecha: 04/05/2026 14:05
Ayer: 2026-05-03  |  Hoy: 2026-05-04
============================================================

Ejecutando queries BigQuery...
  [Ayer 2026-05-03 (batch)]... C:\Users\cnatale\AppData\Local\Programs\Python\Python312\Lib\site-packages\google\cloud\bigquery\table.py:2086: UserWarning: BigQuery Storage module not found, fetch data with the REST endpoint instead.
  warnings.warn(
OK (340 filas)
  [Hoy  2026-05-04  (NRT)]... [main 1a41903] update 04/05/2026 14:05
 Committer: Chiara Natale <cnatale@ml.com>
Your name and email address were configured automatically based
on your username and hostname. Please check that they are accurate.
You can suppress this message by setting them explicitly:

    git config --global user.name "Your Name"
    git config --global user.email you@example.com

After doing this, you may fix the identity used for this commit with:

    git commit --amend --reset-author

 1 file changed, 1 insertion(+), 1 deletion(-)
To https://github.com/chiaranatale-web/ranking-electro.git
   d57a2e1..1a41903  main -> main
OK (340 filas)

Generando HTML...

Listo: C:\Users\cnatale\Claudio\Reportes\freidoras_ranking.html
Publicado en GitHub Pages (04/05/2026 14:05)
ERROR: respuesta no JSON: 
[lun 04/05/2026 14:05:46,23] Refresh completado. 
[lun 04/05/2026 14:48:02,92] === Ranking Electro Diario refresh === 
============================================================
Ranking Electro Diario - MLA
Fecha: 04/05/2026 14:48
Ayer: 2026-05-03  |  Hoy: 2026-05-04
============================================================

Ejecutando queries BigQuery...
  [Ayer 2026-05-03 (batch)]... C:\Users\cnatale\AppData\Local\Programs\Python\Python312\Lib\site-packages\google\cloud\bigquery\table.py:2086: UserWarning: BigQuery Storage module not found, fetch data with the REST endpoint instead.
  warnings.warn(
OK (340 filas)
  [Hoy  2026-05-04  (NRT)]... [main d974110] update 04/05/2026 14:48
 Committer: Chiara Natale <cnatale@ml.com>
Your name and email address were configured automatically based
on your username and hostname. Please check that they are accurate.
You can suppress this message by setting them explicitly:

    git config --global user.name "Your Name"
    git config --global user.email you@example.com

After doing this, you may fix the identity used for this commit with:

    git commit --amend --reset-author

 1 file changed, 967 insertions(+), 4690 deletions(-)
To https://github.com/chiaranatale-web/ranking-electro.git
   1a41903..d974110  main -> main
ERROR: 403 Quota exceeded: Your project_and_region exceeded quota for max number of jobs that can be queued per project. For more information, see https://cloud.google.com/bigquery/docs/troubleshoot-quotas; reason: quotaExceeded, location: max_queued_jobs, message: Quota exceeded: Your project_and_region exceeded quota for max number of jobs that can be queued per project. For more information, see https://cloud.google.com/bigquery/docs/troubleshoot-quotas

Location: US
Job ID: e8f93f92-4eb2-4fb3-814e-12600007371d


Generando HTML...

Listo: C:\Users\cnatale\Claudio\Reportes\freidoras_ranking.html
Publicado en GitHub Pages (04/05/2026 14:48)
ERROR: respuesta no JSON: 
[lun 04/05/2026 14:48:46,59] Refresh completado. 
[lun 04/05/2026 15:05:02,38] === Ranking Electro Diario refresh === 
============================================================
Ranking Electro Diario - MLA
Fecha: 04/05/2026 15:05
Ayer: 2026-05-03  |  Hoy: 2026-05-04
============================================================

Ejecutando queries BigQuery...
  [Ayer 2026-05-03 (batch)]... C:\Users\cnatale\AppData\Local\Programs\Python\Python312\Lib\site-packages\google\cloud\bigquery\table.py:2086: UserWarning: BigQuery Storage module not found, fetch data with the REST endpoint instead.
  warnings.warn(
OK (340 filas)
  [Hoy  2026-05-04  (NRT)]... [main af37235] update 04/05/2026 15:05
 Committer: Chiara Natale <cnatale@ml.com>
Your name and email address were configured automatically based
on your username and hostname. Please check that they are accurate.
You can suppress this message by setting them explicitly:

    git config --global user.name "Your Name"
    git config --global user.email you@example.com

After doing this, you may fix the identity used for this commit with:

    git commit --amend --reset-author

 1 file changed, 4684 insertions(+), 961 deletions(-)
To https://github.com/chiaranatale-web/ranking-electro.git
   d974110..af37235  main -> main
OK (340 filas)

Generando HTML...

Listo: C:\Users\cnatale\Claudio\Reportes\freidoras_ranking.html
Publicado en GitHub Pages (04/05/2026 15:05)
ERROR: respuesta no JSON: 
[lun 04/05/2026 15:05:47,43] Refresh completado. 
[lun 04/05/2026 15:48:02,14] === Ranking Electro Diario refresh === 
============================================================
Ranking Electro Diario - MLA
Fecha: 04/05/2026 15:48
Ayer: 2026-05-03  |  Hoy: 2026-05-04
============================================================

Ejecutando queries BigQuery...
  [Ayer 2026-05-03 (batch)]... C:\Users\cnatale\AppData\Local\Programs\Python\Python312\Lib\site-packages\google\cloud\bigquery\table.py:2086: UserWarning: BigQuery Storage module not found, fetch data with the REST endpoint instead.
  warnings.warn(
OK (340 filas)
  [Hoy  2026-05-04  (NRT)]... [main 31d7a9a] update 04/05/2026 15:48
 Committer: Chiara Natale <cnatale@ml.com>
Your name and email address were configured automatically based
on your username and hostname. Please check that they are accurate.
You can suppress this message by setting them explicitly:

    git config --global user.name "Your Name"
    git config --global user.email you@example.com

After doing this, you may fix the identity used for this commit with:

    git commit --amend --reset-author

 1 file changed, 1617 insertions(+), 1617 deletions(-)
To https://github.com/chiaranatale-web/ranking-electro.git
   af37235..31d7a9a  main -> main
OK (340 filas)

Generando HTML...

Listo: C:\Users\cnatale\Claudio\Reportes\freidoras_ranking.html
Publicado en GitHub Pages (04/05/2026 15:48)
Grid actualizado: https://grid.adminml.com/d/01KQT542J6B35JWWQSGRH58628/view
[lun 04/05/2026 15:48:31,09] Refresh completado. 
[lun 04/05/2026 16:05:02,53] === Ranking Electro Diario refresh === 
============================================================
Ranking Electro Diario - MLA
Fecha: 04/05/2026 16:05
Ayer: 2026-05-03  |  Hoy: 2026-05-04
============================================================

Ejecutando queries BigQuery...
  [Ayer 2026-05-03 (batch)]... C:\Users\cnatale\AppData\Local\Programs\Python\Python312\Lib\site-packages\google\cloud\bigquery\table.py:2086: UserWarning: BigQuery Storage module not found, fetch data with the REST endpoint instead.
  warnings.warn(
OK (340 filas)
  [Hoy  2026-05-04  (NRT)]... [main e4ae022] update 04/05/2026 16:05
 Committer: Chiara Natale <cnatale@ml.com>
Your name and email address were configured automatically based
on your username and hostname. Please check that they are accurate.
You can suppress this message by setting them explicitly:

    git config --global user.name "Your Name"
    git config --global user.email you@example.com

After doing this, you may fix the identity used for this commit with:

    git commit --amend --reset-author

 1 file changed, 1 insertion(+), 1 deletion(-)
To https://github.com/chiaranatale-web/ranking-electro.git
   31d7a9a..e4ae022  main -> main
OK (340 filas)

Generando HTML...

Listo: C:\Users\cnatale\Claudio\Reportes\freidoras_ranking.html
Publicado en GitHub Pages (04/05/2026 16:05)
Grid actualizado: https://grid.adminml.com/d/01KQT635CWQS9BHSQEGY01KF0H/view
[lun 04/05/2026 16:05:29,87] Refresh completado. 
[lun 04/05/2026 16:48:02,16] === Ranking Electro Diario refresh === 
============================================================
Ranking Electro Diario - MLA
Fecha: 04/05/2026 16:48
Ayer: 2026-05-03  |  Hoy: 2026-05-04
============================================================

Ejecutando queries BigQuery...
  [Ayer 2026-05-03 (batch)]... C:\Users\cnatale\AppData\Local\Programs\Python\Python312\Lib\site-packages\google\cloud\bigquery\table.py:2086: UserWarning: BigQuery Storage module not found, fetch data with the REST endpoint instead.
  warnings.warn(
OK (340 filas)
  [Hoy  2026-05-04  (NRT)]... [main b343dbe] update 04/05/2026 16:48
 Committer: Chiara Natale <cnatale@ml.com>
Your name and email address were configured automatically based
on your username and hostname. Please check that they are accurate.
You can suppress this message by setting them explicitly:

    git config --global user.name "Your Name"
    git config --global user.email you@example.com

After doing this, you may fix the identity used for this commit with:

    git commit --amend --reset-author

 1 file changed, 1593 insertions(+), 1593 deletions(-)
To https://github.com/chiaranatale-web/ranking-electro.git
   e4ae022..b343dbe  main -> main
OK (340 filas)

Generando HTML...

Listo: C:\Users\cnatale\Claudio\Reportes\freidoras_ranking.html
Publicado en GitHub Pages (04/05/2026 16:48)
Grid actualizado: https://grid.adminml.com/d/01KQT8HWF9JV1XY9W8SE3N8FB8/view
[lun 04/05/2026 16:48:29,32] Refresh completado. 
[lun 04/05/2026 17:05:02,50] === Ranking Electro Diario refresh === 
============================================================
Ranking Electro Diario - MLA
Fecha: 04/05/2026 17:05
Ayer: 2026-05-03  |  Hoy: 2026-05-04
============================================================

Ejecutando queries BigQuery...
  [Ayer 2026-05-03 (batch)]... C:\Users\cnatale\AppData\Local\Programs\Python\Python312\Lib\site-packages\google\cloud\bigquery\table.py:2086: UserWarning: BigQuery Storage module not found, fetch data with the REST endpoint instead.
  warnings.warn(
OK (340 filas)
  [Hoy  2026-05-04  (NRT)]... [main 20d44d8] update 04/05/2026 17:06
 Committer: Chiara Natale <cnatale@ml.com>
Your name and email address were configured automatically based
on your username and hostname. Please check that they are accurate.
You can suppress this message by setting them explicitly:

    git config --global user.name "Your Name"
    git config --global user.email you@example.com

After doing this, you may fix the identity used for this commit with:

    git commit --amend --reset-author

 1 file changed, 1 insertion(+), 1 deletion(-)
To https://github.com/chiaranatale-web/ranking-electro.git
   b343dbe..20d44d8  main -> main
OK (340 filas)

Generando HTML...

Listo: C:\Users\cnatale\Claudio\Reportes\freidoras_ranking.html
Publicado en GitHub Pages (04/05/2026 17:06)
Grid actualizado: https://grid.adminml.com/d/01KQT9JBKZRS938YX52X2ZN23X/view
[lun 04/05/2026 17:06:13,44] Refresh completado. 
